// Jest Snapshot v1, https://goo.gl/fbAQLP

exports[`Intro Component renders the intro section with correct structure 1`] = `
<div>
  <section
    aria-labelledby="intro-heading"
    class="intro"
    id="intro"
    role="region"
  >
    <h2
      class="intro-title"
      id="intro-heading"
    >
      Welcome to the Heart of 
      <span
        class="highlight"
      >
        Saint Louis
      </span>
    </h2>
    <div
      class="intro-lead"
    >
      <p>
        Saint Louis - where the mighty Mississippi meets a city of soul, flavour, and history.
      </p>
      <p>
        From the Gateway Arch to blues, barbecue, and neighborhood gems - discover the best of the Gateway to the West.
      </p>
      <div
        aria-hidden="true"
        class="intro-scroll-cue"
      />
    </div>
  </section>
</div>
`;
