// Jest Snapshot v1, https://goo.gl/fbAQLP

exports[`Intro Component renders the intro section with correct structure 1`] = `
<div>
  <section
    aria-labelledby="intro-heading"
    class="intro"
    id="intro"
    role="region"
  >
    <div
      class="intro-inner"
    >
      <h2
        class="intro-title"
        id="intro-heading"
      >
        Welcome to the Heart of 
        <span
          class="highlight"
        >
          Saint Louis
        </span>
      </h2>
      <p
        class="intro-lead"
      >
        Where the Mississippi meets a city shaped by soul, creativity, and enduring character.
      </p>
      <p
        class="intro-body"
      >
        From the Gateway Arch to its blues, baseball, and barbecue, experience the rhythm, resilience, and rich spirit of the
         
        <span
          class="highlight"
        >
          Gateway to the West
        </span>
        .
      </p>
    </div>
  </section>
</div>
`;
